Archive member included because of file (symbol)

c:/program files/atmel/avr studio 5.0/extensions/application/avr toolchain/bin/../lib/gcc/avr/4.5.1/avr5\libgcc.a(_mulsi3.o)
                              LCD_test.o (__mulsi3)
c:/program files/atmel/avr studio 5.0/extensions/application/avr toolchain/bin/../lib/gcc/avr/4.5.1/avr5\libgcc.a(_udivmodsi4.o)
                              LCD_test.o (__udivmodsi4)
c:/program files/atmel/avr studio 5.0/extensions/application/avr toolchain/bin/../lib/gcc/avr/4.5.1/avr5\libgcc.a(_exit.o)
                              c:/program files/atmel/avr studio 5.0/extensions/application/avr toolchain/bin/../lib/gcc/avr/4.5.1/../../../../avr/lib/avr5/crtm32.o (exit)
c:/program files/atmel/avr studio 5.0/extensions/application/avr toolchain/bin/../lib/gcc/avr/4.5.1/avr5\libgcc.a(_copy_data.o)
                              LCD_test.o (__do_copy_data)
c:/program files/atmel/avr studio 5.0/extensions/application/avr toolchain/bin/../lib/gcc/avr/4.5.1/avr5\libgcc.a(_clear_bss.o)
                              LCD_test.o (__do_clear_bss)
c:/program files/atmel/avr studio 5.0/extensions/application/avr toolchain/bin/../lib/gcc/avr/4.5.1/avr5\libgcc.a(_fixunssfsi.o)
                              LCD_test.o (__fixunssfsi)
c:/program files/atmel/avr studio 5.0/extensions/application/avr toolchain/bin/../lib/gcc/avr/4.5.1/avr5\libgcc.a(_addsub_sf.o)
                              c:/program files/atmel/avr studio 5.0/extensions/application/avr toolchain/bin/../lib/gcc/avr/4.5.1/avr5\libgcc.a(_fixunssfsi.o) (__subsf3)
c:/program files/atmel/avr studio 5.0/extensions/application/avr toolchain/bin/../lib/gcc/avr/4.5.1/avr5\libgcc.a(_mul_sf.o)
                              LCD_test.o (__mulsf3)
c:/program files/atmel/avr studio 5.0/extensions/application/avr toolchain/bin/../lib/gcc/avr/4.5.1/avr5\libgcc.a(_gt_sf.o)
                              LCD_test.o (__gtsf2)
c:/program files/atmel/avr studio 5.0/extensions/application/avr toolchain/bin/../lib/gcc/avr/4.5.1/avr5\libgcc.a(_ge_sf.o)
                              c:/program files/atmel/avr studio 5.0/extensions/application/avr toolchain/bin/../lib/gcc/avr/4.5.1/avr5\libgcc.a(_fixunssfsi.o) (__gesf2)
c:/program files/atmel/avr studio 5.0/extensions/application/avr toolchain/bin/../lib/gcc/avr/4.5.1/avr5\libgcc.a(_lt_sf.o)
                              LCD_test.o (__ltsf2)
c:/program files/atmel/avr studio 5.0/extensions/application/avr toolchain/bin/../lib/gcc/avr/4.5.1/avr5\libgcc.a(_sf_to_si.o)
                              c:/program files/atmel/avr studio 5.0/extensions/application/avr toolchain/bin/../lib/gcc/avr/4.5.1/avr5\libgcc.a(_fixunssfsi.o) (__fixsfsi)
c:/program files/atmel/avr studio 5.0/extensions/application/avr toolchain/bin/../lib/gcc/avr/4.5.1/avr5\libgcc.a(_thenan_sf.o)
                              c:/program files/atmel/avr studio 5.0/extensions/application/avr toolchain/bin/../lib/gcc/avr/4.5.1/avr5\libgcc.a(_addsub_sf.o) (__thenan_sf)
c:/program files/atmel/avr studio 5.0/extensions/application/avr toolchain/bin/../lib/gcc/avr/4.5.1/avr5\libgcc.a(_prologue.o)
                              c:/program files/atmel/avr studio 5.0/extensions/application/avr toolchain/bin/../lib/gcc/avr/4.5.1/avr5\libgcc.a(_addsub_sf.o) (__prologue_saves__)
c:/program files/atmel/avr studio 5.0/extensions/application/avr toolchain/bin/../lib/gcc/avr/4.5.1/avr5\libgcc.a(_epilogue.o)
                              c:/program files/atmel/avr studio 5.0/extensions/application/avr toolchain/bin/../lib/gcc/avr/4.5.1/avr5\libgcc.a(_addsub_sf.o) (__epilogue_restores__)
c:/program files/atmel/avr studio 5.0/extensions/application/avr toolchain/bin/../lib/gcc/avr/4.5.1/avr5\libgcc.a(_pack_sf.o)
                              c:/program files/atmel/avr studio 5.0/extensions/application/avr toolchain/bin/../lib/gcc/avr/4.5.1/avr5\libgcc.a(_addsub_sf.o) (__pack_f)
c:/program files/atmel/avr studio 5.0/extensions/application/avr toolchain/bin/../lib/gcc/avr/4.5.1/avr5\libgcc.a(_unpack_sf.o)
                              c:/program files/atmel/avr studio 5.0/extensions/application/avr toolchain/bin/../lib/gcc/avr/4.5.1/avr5\libgcc.a(_addsub_sf.o) (__unpack_f)
c:/program files/atmel/avr studio 5.0/extensions/application/avr toolchain/bin/../lib/gcc/avr/4.5.1/avr5\libgcc.a(_fpcmp_parts_sf.o)
                              c:/program files/atmel/avr studio 5.0/extensions/application/avr toolchain/bin/../lib/gcc/avr/4.5.1/avr5\libgcc.a(_gt_sf.o) (__fpcmp_parts_f)
c:/program files/atmel/avr studio 5.0/extensions/application/avr toolchain/bin/../lib/gcc/avr/4.5.1/../../../../avr/lib/avr5\libc.a(vsnprintf.o)
                              LCD_test.o (vsnprintf)
c:/program files/atmel/avr studio 5.0/extensions/application/avr toolchain/bin/../lib/gcc/avr/4.5.1/../../../../avr/lib/avr5\libc.a(vfprintf_std.o)
                              c:/program files/atmel/avr studio 5.0/extensions/application/avr toolchain/bin/../lib/gcc/avr/4.5.1/../../../../avr/lib/avr5\libc.a(vsnprintf.o) (vfprintf)
c:/program files/atmel/avr studio 5.0/extensions/application/avr toolchain/bin/../lib/gcc/avr/4.5.1/../../../../avr/lib/avr5\libc.a(strnlen_P.o)
                              c:/program files/atmel/avr studio 5.0/extensions/application/avr toolchain/bin/../lib/gcc/avr/4.5.1/../../../../avr/lib/avr5\libc.a(vfprintf_std.o) (strnlen_P)
c:/program files/atmel/avr studio 5.0/extensions/application/avr toolchain/bin/../lib/gcc/avr/4.5.1/../../../../avr/lib/avr5\libc.a(strnlen.o)
                              c:/program files/atmel/avr studio 5.0/extensions/application/avr toolchain/bin/../lib/gcc/avr/4.5.1/../../../../avr/lib/avr5\libc.a(vfprintf_std.o) (strnlen)
c:/program files/atmel/avr studio 5.0/extensions/application/avr toolchain/bin/../lib/gcc/avr/4.5.1/../../../../avr/lib/avr5\libc.a(fputc.o)
                              c:/program files/atmel/avr studio 5.0/extensions/application/avr toolchain/bin/../lib/gcc/avr/4.5.1/../../../../avr/lib/avr5\libc.a(vfprintf_std.o) (fputc)
c:/program files/atmel/avr studio 5.0/extensions/application/avr toolchain/bin/../lib/gcc/avr/4.5.1/../../../../avr/lib/avr5\libc.a(ultoa_invert.o)
                              c:/program files/atmel/avr studio 5.0/extensions/application/avr toolchain/bin/../lib/gcc/avr/4.5.1/../../../../avr/lib/avr5\libc.a(vfprintf_std.o) (__ultoa_invert)

Memory Configuration

Name             Origin             Length             Attributes
text             0x00000000         0x00020000         xr
data             0x00800060         0x0000ffa0         rw !x
eeprom           0x00810000         0x00010000         rw !x
fuse             0x00820000         0x00000400         rw !x
lock             0x00830000         0x00000400         rw !x
signature        0x00840000         0x00000400         rw !x
*default*        0x00000000         0xffffffff

Linker script and memory map

LOAD c:/program files/atmel/avr studio 5.0/extensions/application/avr toolchain/bin/../lib/gcc/avr/4.5.1/../../../../avr/lib/avr5/crtm32.o
LOAD LCD_test.o
LOAD c:/program files/atmel/avr studio 5.0/extensions/application/avr toolchain/bin/../lib/gcc/avr/4.5.1/avr5\libgcc.a
LOAD c:/program files/atmel/avr studio 5.0/extensions/application/avr toolchain/bin/../lib/gcc/avr/4.5.1/../../../../avr/lib/avr5\libc.a
LOAD c:/program files/atmel/avr studio 5.0/extensions/application/avr toolchain/bin/../lib/gcc/avr/4.5.1/avr5\libgcc.a

.hash
 *(.hash)

.dynsym
 *(.dynsym)

.dynstr
 *(.dynstr)

.gnu.version
 *(.gnu.version)

.gnu.version_d
 *(.gnu.version_d)

.gnu.version_r
 *(.gnu.version_r)

.rel.init
 *(.rel.init)

.rela.init
 *(.rela.init)

.rel.text
 *(.rel.text)
 *(.rel.text.*)
 *(.rel.gnu.linkonce.t*)

.rela.text
 *(.rela.text)
 *(.rela.text.*)
 *(.rela.gnu.linkonce.t*)

.rel.fini
 *(.rel.fini)

.rela.fini
 *(.rela.fini)

.rel.rodata
 *(.rel.rodata)
 *(.rel.rodata.*)
 *(.rel.gnu.linkonce.r*)

.rela.rodata
 *(.rela.rodata)
 *(.rela.rodata.*)
 *(.rela.gnu.linkonce.r*)

.rel.data
 *(.rel.data)
 *(.rel.data.*)
 *(.rel.gnu.linkonce.d*)

.rela.data
 *(.rela.data)
 *(.rela.data.*)
 *(.rela.gnu.linkonce.d*)

.rel.ctors
 *(.rel.ctors)

.rela.ctors
 *(.rela.ctors)

.rel.dtors
 *(.rel.dtors)

.rela.dtors
 *(.rela.dtors)

.rel.got
 *(.rel.got)

.rela.got
 *(.rela.got)

.rel.bss
 *(.rel.bss)

.rela.bss
 *(.rela.bss)

.rel.plt
 *(.rel.plt)

.rela.plt
 *(.rela.plt)

.text           0x00000000     0x195a
 *(.vectors)
 .vectors       0x00000000       0x54 c:/program files/atmel/avr studio 5.0/extensions/application/avr toolchain/bin/../lib/gcc/avr/4.5.1/../../../../avr/lib/avr5/crtm32.o
                0x00000000                __vector_default
                0x00000000                __vectors
 *(.vectors)
 *(.progmem.gcc*)
 *(.progmem*)
                0x00000054                . = ALIGN (0x2)
                0x00000054                __trampolines_start = .
 *(.trampolines)
 .trampolines   0x00000054        0x0 linker stubs
 *(.trampolines*)
                0x00000054                __trampolines_end = .
 *(.jumptables)
 *(.jumptables*)
 *(.lowtext)
 *(.lowtext*)
                0x00000054                __ctors_start = .
 *(.ctors)
                0x00000054                __ctors_end = .
                0x00000054                __dtors_start = .
 *(.dtors)
                0x00000054                __dtors_end = .
 SORT(*)(.ctors)
 SORT(*)(.dtors)
 *(.init0)
 .init0         0x00000054        0x0 c:/program files/atmel/avr studio 5.0/extensions/application/avr toolchain/bin/../lib/gcc/avr/4.5.1/../../../../avr/lib/avr5/crtm32.o
                0x00000054                __init
 *(.init0)
 *(.init1)
 *(.init1)
 *(.init2)
 .init2         0x00000054        0xc c:/program files/atmel/avr studio 5.0/extensions/application/avr toolchain/bin/../lib/gcc/avr/4.5.1/../../../../avr/lib/avr5/crtm32.o
 *(.init2)
 *(.init3)
 *(.init3)
 *(.init4)
 .init4         0x00000060       0x16 c:/program files/atmel/avr studio 5.0/extensions/application/avr toolchain/bin/../lib/gcc/avr/4.5.1/avr5\libgcc.a(_copy_data.o)
                0x00000060                __do_copy_data
 .init4         0x00000076       0x10 c:/program files/atmel/avr studio 5.0/extensions/application/avr toolchain/bin/../lib/gcc/avr/4.5.1/avr5\libgcc.a(_clear_bss.o)
                0x00000076                __do_clear_bss
 *(.init4)
 *(.init5)
 *(.init5)
 *(.init6)
 *(.init6)
 *(.init7)
 *(.init7)
 *(.init8)
 *(.init8)
 *(.init9)
 .init9         0x00000086        0x8 c:/program files/atmel/avr studio 5.0/extensions/application/avr toolchain/bin/../lib/gcc/avr/4.5.1/../../../../avr/lib/avr5/crtm32.o
 *(.init9)
 *(.text)
 .text          0x0000008e        0x4 c:/program files/atmel/avr studio 5.0/extensions/application/avr toolchain/bin/../lib/gcc/avr/4.5.1/../../../../avr/lib/avr5/crtm32.o
                0x0000008e                __vector_1
                0x0000008e                __vector_12
                0x0000008e                __bad_interrupt
                0x0000008e                __vector_6
                0x0000008e                __vector_3
                0x0000008e                __vector_11
                0x0000008e                __vector_13
                0x0000008e                __vector_17
                0x0000008e                __vector_19
                0x0000008e                __vector_7
                0x0000008e                __vector_5
                0x0000008e                __vector_4
                0x0000008e                __vector_9
                0x0000008e                __vector_2
                0x0000008e                __vector_15
                0x0000008e                __vector_8
                0x0000008e                __vector_14
                0x0000008e                __vector_10
                0x0000008e                __vector_16
                0x0000008e                __vector_18
                0x0000008e                __vector_20
 .text          0x00000092      0x7f0 LCD_test.o
                0x00000092                _auxDelayFourCyc
                0x000000dc                _auxDelay
                0x00000136                _auxToggleE
                0x0000016a                lcd_write
                0x000003ce                lcd_char
                0x00000416                lcd_instr
                0x00000432                lcd_init
                0x00000568                lcd_setline
                0x000005d6                lcd_string
                0x0000061c                lcd_string2
                0x0000069a                lcd_gotoxy
                0x000006d8                lcd_clrscr
                0x000006f4                lcd_home
                0x00000710                main
 .text          0x00000882        0x0 c:/program files/atmel/avr studio 5.0/extensions/application/avr toolchain/bin/../lib/gcc/avr/4.5.1/avr5\libgcc.a(_mulsi3.o)
 .text          0x00000882        0x0 c:/program files/atmel/avr studio 5.0/extensions/application/avr toolchain/bin/../lib/gcc/avr/4.5.1/avr5\libgcc.a(_udivmodsi4.o)
 .text          0x00000882        0x0 c:/program files/atmel/avr studio 5.0/extensions/application/avr toolchain/bin/../lib/gcc/avr/4.5.1/avr5\libgcc.a(_exit.o)
 .text          0x00000882        0x0 c:/program files/atmel/avr studio 5.0/extensions/application/avr toolchain/bin/../lib/gcc/avr/4.5.1/avr5\libgcc.a(_copy_data.o)
 .text          0x00000882        0x0 c:/program files/atmel/avr studio 5.0/extensions/application/avr toolchain/bin/../lib/gcc/avr/4.5.1/avr5\libgcc.a(_clear_bss.o)
 .text          0x00000882       0x58 c:/program files/atmel/avr studio 5.0/extensions/application/avr toolchain/bin/../lib/gcc/avr/4.5.1/avr5\libgcc.a(_fixunssfsi.o)
                0x00000882                __fixunssfsi
 .text          0x000008da      0x350 c:/program files/atmel/avr studio 5.0/extensions/application/avr toolchain/bin/../lib/gcc/avr/4.5.1/avr5\libgcc.a(_addsub_sf.o)
                0x00000b6e                __addsf3
                0x00000bc8                __subsf3
 .text          0x00000c2a      0x1f4 c:/program files/atmel/avr studio 5.0/extensions/application/avr toolchain/bin/../lib/gcc/avr/4.5.1/avr5\libgcc.a(_mul_sf.o)
                0x00000c2a                __mulsf3
 .text          0x00000e1e       0x60 c:/program files/atmel/avr studio 5.0/extensions/application/avr toolchain/bin/../lib/gcc/avr/4.5.1/avr5\libgcc.a(_gt_sf.o)
                0x00000e1e                __gtsf2
 .text          0x00000e7e       0x60 c:/program files/atmel/avr studio 5.0/extensions/application/avr toolchain/bin/../lib/gcc/avr/4.5.1/avr5\libgcc.a(_ge_sf.o)
                0x00000e7e                __gesf2
 .text          0x00000ede       0x60 c:/program files/atmel/avr studio 5.0/extensions/application/avr toolchain/bin/../lib/gcc/avr/4.5.1/avr5\libgcc.a(_lt_sf.o)
                0x00000ede                __ltsf2
 .text          0x00000f3e       0xa4 c:/program files/atmel/avr studio 5.0/extensions/application/avr toolchain/bin/../lib/gcc/avr/4.5.1/avr5\libgcc.a(_sf_to_si.o)
                0x00000f3e                __fixsfsi
 .text          0x00000fe2        0x0 c:/program files/atmel/avr studio 5.0/extensions/application/avr toolchain/bin/../lib/gcc/avr/4.5.1/avr5\libgcc.a(_thenan_sf.o)
 .text          0x00000fe2        0x0 c:/program files/atmel/avr studio 5.0/extensions/application/avr toolchain/bin/../lib/gcc/avr/4.5.1/avr5\libgcc.a(_prologue.o)
 .text          0x00000fe2        0x0 c:/program files/atmel/avr studio 5.0/extensions/application/avr toolchain/bin/../lib/gcc/avr/4.5.1/avr5\libgcc.a(_epilogue.o)
 .text          0x00000fe2      0x19c c:/program files/atmel/avr studio 5.0/extensions/application/avr toolchain/bin/../lib/gcc/avr/4.5.1/avr5\libgcc.a(_pack_sf.o)
                0x00000fe2                __pack_f
 .text          0x0000117e       0xd2 c:/program files/atmel/avr studio 5.0/extensions/application/avr toolchain/bin/../lib/gcc/avr/4.5.1/avr5\libgcc.a(_unpack_sf.o)
                0x0000117e                __unpack_f
 .text          0x00001250       0xb2 c:/program files/atmel/avr studio 5.0/extensions/application/avr toolchain/bin/../lib/gcc/avr/4.5.1/avr5\libgcc.a(_fpcmp_parts_sf.o)
                0x00001250                __fpcmp_parts_f
 .text          0x00001302        0x0 c:/program files/atmel/avr studio 5.0/extensions/application/avr toolchain/bin/../lib/gcc/avr/4.5.1/../../../../avr/lib/avr5\libc.a(vsnprintf.o)
 .text          0x00001302        0x0 c:/program files/atmel/avr studio 5.0/extensions/application/avr toolchain/bin/../lib/gcc/avr/4.5.1/../../../../avr/lib/avr5\libc.a(vfprintf_std.o)
 .text          0x00001302        0x0 c:/program files/atmel/avr studio 5.0/extensions/application/avr toolchain/bin/../lib/gcc/avr/4.5.1/../../../../avr/lib/avr5\libc.a(strnlen_P.o)
 .text          0x00001302        0x0 c:/program files/atmel/avr studio 5.0/extensions/application/avr toolchain/bin/../lib/gcc/avr/4.5.1/../../../../avr/lib/avr5\libc.a(strnlen.o)
 .text          0x00001302        0x0 c:/program files/atmel/avr studio 5.0/extensions/application/avr toolchain/bin/../lib/gcc/avr/4.5.1/../../../../avr/lib/avr5\libc.a(fputc.o)
 .text          0x00001302        0x0 c:/program files/atmel/avr studio 5.0/extensions/application/avr toolchain/bin/../lib/gcc/avr/4.5.1/../../../../avr/lib/avr5\libc.a(ultoa_invert.o)
                0x00001302                . = ALIGN (0x2)
 *(.text.*)
 .text.libgcc   0x00001302       0x3e c:/program files/atmel/avr studio 5.0/extensions/application/avr toolchain/bin/../lib/gcc/avr/4.5.1/avr5\libgcc.a(_mulsi3.o)
                0x00001302                __mulsi3
 .text.libgcc   0x00001340       0x44 c:/program files/atmel/avr studio 5.0/extensions/application/avr toolchain/bin/../lib/gcc/avr/4.5.1/avr5\libgcc.a(_udivmodsi4.o)
                0x00001340                __udivmodsi4
 .text.libgcc   0x00001384        0x0 c:/program files/atmel/avr studio 5.0/extensions/application/avr toolchain/bin/../lib/gcc/avr/4.5.1/avr5\libgcc.a(_exit.o)
 .text.libgcc   0x00001384        0x0 c:/program files/atmel/avr studio 5.0/extensions/application/avr toolchain/bin/../lib/gcc/avr/4.5.1/avr5\libgcc.a(_copy_data.o)
 .text.libgcc   0x00001384        0x0 c:/program files/atmel/avr studio 5.0/extensions/application/avr toolchain/bin/../lib/gcc/avr/4.5.1/avr5\libgcc.a(_clear_bss.o)
 .text.libgcc   0x00001384       0x38 c:/program files/atmel/avr studio 5.0/extensions/application/avr toolchain/bin/../lib/gcc/avr/4.5.1/avr5\libgcc.a(_prologue.o)
                0x00001384                __prologue_saves__
 .text.libgcc   0x000013bc       0x36 c:/program files/atmel/avr studio 5.0/extensions/application/avr toolchain/bin/../lib/gcc/avr/4.5.1/avr5\libgcc.a(_epilogue.o)
                0x000013bc                __epilogue_restores__
 .text.avr-libc
                0x000013f2       0x56 c:/program files/atmel/avr studio 5.0/extensions/application/avr toolchain/bin/../lib/gcc/avr/4.5.1/../../../../avr/lib/avr5\libc.a(vsnprintf.o)
                0x000013f2                vsnprintf
 .text.avr-libc
                0x00001448      0x3ce c:/program files/atmel/avr studio 5.0/extensions/application/avr toolchain/bin/../lib/gcc/avr/4.5.1/../../../../avr/lib/avr5\libc.a(vfprintf_std.o)
                0x00001448                vfprintf
 .text.avr-libc
                0x00001816       0x16 c:/program files/atmel/avr studio 5.0/extensions/application/avr toolchain/bin/../lib/gcc/avr/4.5.1/../../../../avr/lib/avr5\libc.a(strnlen_P.o)
                0x00001816                strnlen_P
 .text.avr-libc
                0x0000182c       0x16 c:/program files/atmel/avr studio 5.0/extensions/application/avr toolchain/bin/../lib/gcc/avr/4.5.1/../../../../avr/lib/avr5\libc.a(strnlen.o)
                0x0000182c                strnlen
 .text.avr-libc
                0x00001842       0x58 c:/program files/atmel/avr studio 5.0/extensions/application/avr toolchain/bin/../lib/gcc/avr/4.5.1/../../../../avr/lib/avr5\libc.a(fputc.o)
                0x00001842                fputc
 .text.avr-libc
                0x0000189a       0xbc c:/program files/atmel/avr studio 5.0/extensions/application/avr toolchain/bin/../lib/gcc/avr/4.5.1/../../../../avr/lib/avr5\libc.a(ultoa_invert.o)
                0x0000189a                __ultoa_invert
                0x00001956                . = ALIGN (0x2)
 *(.fini9)
 .fini9         0x00001956        0x0 c:/program files/atmel/avr studio 5.0/extensions/application/avr toolchain/bin/../lib/gcc/avr/4.5.1/avr5\libgcc.a(_exit.o)
                0x00001956                _exit
                0x00001956                exit
 *(.fini9)
 *(.fini8)
 *(.fini8)
 *(.fini7)
 *(.fini7)
 *(.fini6)
 *(.fini6)
 *(.fini5)
 *(.fini5)
 *(.fini4)
 *(.fini4)
 *(.fini3)
 *(.fini3)
 *(.fini2)
 *(.fini2)
 *(.fini1)
 *(.fini1)
 *(.fini0)
 .fini0         0x00001956        0x4 c:/program files/atmel/avr studio 5.0/extensions/application/avr toolchain/bin/../lib/gcc/avr/4.5.1/avr5\libgcc.a(_exit.o)
 *(.fini0)
                0x0000195a                _etext = .

.data           0x00800060       0x10 load address 0x0000195a
                0x00800060                PROVIDE (__data_start, .)
 *(.data)
 .data          0x00800060        0x0 c:/program files/atmel/avr studio 5.0/extensions/application/avr toolchain/bin/../lib/gcc/avr/4.5.1/../../../../avr/lib/avr5/crtm32.o
 .data          0x00800060        0x7 LCD_test.o
 .data          0x00800067        0x0 c:/program files/atmel/avr studio 5.0/extensions/application/avr toolchain/bin/../lib/gcc/avr/4.5.1/avr5\libgcc.a(_mulsi3.o)
 .data          0x00800067        0x0 c:/program files/atmel/avr studio 5.0/extensions/application/avr toolchain/bin/../lib/gcc/avr/4.5.1/avr5\libgcc.a(_udivmodsi4.o)
 .data          0x00800067        0x0 c:/program files/atmel/avr studio 5.0/extensions/application/avr toolchain/bin/../lib/gcc/avr/4.5.1/avr5\libgcc.a(_exit.o)
 .data          0x00800067        0x0 c:/program files/atmel/avr studio 5.0/extensions/application/avr toolchain/bin/../lib/gcc/avr/4.5.1/avr5\libgcc.a(_copy_data.o)
 .data          0x00800067        0x0 c:/program files/atmel/avr studio 5.0/extensions/application/avr toolchain/bin/../lib/gcc/avr/4.5.1/avr5\libgcc.a(_clear_bss.o)
 .data          0x00800067        0x0 c:/program files/atmel/avr studio 5.0/extensions/application/avr toolchain/bin/../lib/gcc/avr/4.5.1/avr5\libgcc.a(_fixunssfsi.o)
 .data          0x00800067        0x0 c:/program files/atmel/avr studio 5.0/extensions/application/avr toolchain/bin/../lib/gcc/avr/4.5.1/avr5\libgcc.a(_addsub_sf.o)
 .data          0x00800067        0x0 c:/program files/atmel/avr studio 5.0/extensions/application/avr toolchain/bin/../lib/gcc/avr/4.5.1/avr5\libgcc.a(_mul_sf.o)
 .data          0x00800067        0x0 c:/program files/atmel/avr studio 5.0/extensions/application/avr toolchain/bin/../lib/gcc/avr/4.5.1/avr5\libgcc.a(_gt_sf.o)
 .data          0x00800067        0x0 c:/program files/atmel/avr studio 5.0/extensions/application/avr toolchain/bin/../lib/gcc/avr/4.5.1/avr5\libgcc.a(_ge_sf.o)
 .data          0x00800067        0x0 c:/program files/atmel/avr studio 5.0/extensions/application/avr toolchain/bin/../lib/gcc/avr/4.5.1/avr5\libgcc.a(_lt_sf.o)
 .data          0x00800067        0x0 c:/program files/atmel/avr studio 5.0/extensions/application/avr toolchain/bin/../lib/gcc/avr/4.5.1/avr5\libgcc.a(_sf_to_si.o)
 .data          0x00800067        0x8 c:/program files/atmel/avr studio 5.0/extensions/application/avr toolchain/bin/../lib/gcc/avr/4.5.1/avr5\libgcc.a(_thenan_sf.o)
                0x00800067                __thenan_sf
 .data          0x0080006f        0x0 c:/program files/atmel/avr studio 5.0/extensions/application/avr toolchain/bin/../lib/gcc/avr/4.5.1/avr5\libgcc.a(_prologue.o)
 .data          0x0080006f        0x0 c:/program files/atmel/avr studio 5.0/extensions/application/avr toolchain/bin/../lib/gcc/avr/4.5.1/avr5\libgcc.a(_epilogue.o)
 .data          0x0080006f        0x0 c:/program files/atmel/avr studio 5.0/extensions/application/avr toolchain/bin/../lib/gcc/avr/4.5.1/avr5\libgcc.a(_pack_sf.o)
 .data          0x0080006f        0x0 c:/program files/atmel/avr studio 5.0/extensions/application/avr toolchain/bin/../lib/gcc/avr/4.5.1/avr5\libgcc.a(_unpack_sf.o)
 .data          0x0080006f        0x0 c:/program files/atmel/avr studio 5.0/extensions/application/avr toolchain/bin/../lib/gcc/avr/4.5.1/avr5\libgcc.a(_fpcmp_parts_sf.o)
 .data          0x0080006f        0x0 c:/program files/atmel/avr studio 5.0/extensions/application/avr toolchain/bin/../lib/gcc/avr/4.5.1/../../../../avr/lib/avr5\libc.a(vsnprintf.o)
 .data          0x0080006f        0x0 c:/program files/atmel/avr studio 5.0/extensions/application/avr toolchain/bin/../lib/gcc/avr/4.5.1/../../../../avr/lib/avr5\libc.a(vfprintf_std.o)
 .data          0x0080006f        0x0 c:/program files/atmel/avr studio 5.0/extensions/application/avr toolchain/bin/../lib/gcc/avr/4.5.1/../../../../avr/lib/avr5\libc.a(strnlen_P.o)
 .data          0x0080006f        0x0 c:/program files/atmel/avr studio 5.0/extensions/application/avr toolchain/bin/../lib/gcc/avr/4.5.1/../../../../avr/lib/avr5\libc.a(strnlen.o)
 .data          0x0080006f        0x0 c:/program files/atmel/avr studio 5.0/extensions/application/avr toolchain/bin/../lib/gcc/avr/4.5.1/../../../../avr/lib/avr5\libc.a(fputc.o)
 .data          0x0080006f        0x0 c:/program files/atmel/avr studio 5.0/extensions/application/avr toolchain/bin/../lib/gcc/avr/4.5.1/../../../../avr/lib/avr5\libc.a(ultoa_invert.o)
 *(.data*)
 *(.rodata)
 *(.rodata*)
 *(.gnu.linkonce.d*)
                0x00800070                . = ALIGN (0x2)
 *fill*         0x0080006f        0x1 00
                0x00800070                _edata = .
                0x00800070                PROVIDE (__data_end, .)

.bss            0x00800070        0x2
                0x00800070                PROVIDE (__bss_start, .)
 *(.bss)
 .bss           0x00800070        0x0 c:/program files/atmel/avr studio 5.0/extensions/application/avr toolchain/bin/../lib/gcc/avr/4.5.1/../../../../avr/lib/avr5/crtm32.o
 .bss           0x00800070        0x2 LCD_test.o
                0x00800070                g_nCurrentLine
 .bss           0x00800072        0x0 c:/program files/atmel/avr studio 5.0/extensions/application/avr toolchain/bin/../lib/gcc/avr/4.5.1/avr5\libgcc.a(_mulsi3.o)
 .bss           0x00800072        0x0 c:/program files/atmel/avr studio 5.0/extensions/application/avr toolchain/bin/../lib/gcc/avr/4.5.1/avr5\libgcc.a(_udivmodsi4.o)
 .bss           0x00800072        0x0 c:/program files/atmel/avr studio 5.0/extensions/application/avr toolchain/bin/../lib/gcc/avr/4.5.1/avr5\libgcc.a(_exit.o)
 .bss           0x00800072        0x0 c:/program files/atmel/avr studio 5.0/extensions/application/avr toolchain/bin/../lib/gcc/avr/4.5.1/avr5\libgcc.a(_copy_data.o)
 .bss           0x00800072        0x0 c:/program files/atmel/avr studio 5.0/extensions/application/avr toolchain/bin/../lib/gcc/avr/4.5.1/avr5\libgcc.a(_clear_bss.o)
 .bss           0x00800072        0x0 c:/program files/atmel/avr studio 5.0/extensions/application/avr toolchain/bin/../lib/gcc/avr/4.5.1/avr5\libgcc.a(_fixunssfsi.o)
 .bss           0x00800072        0x0 c:/program files/atmel/avr studio 5.0/extensions/application/avr toolchain/bin/../lib/gcc/avr/4.5.1/avr5\libgcc.a(_addsub_sf.o)
 .bss           0x00800072        0x0 c:/program files/atmel/avr studio 5.0/extensions/application/avr toolchain/bin/../lib/gcc/avr/4.5.1/avr5\libgcc.a(_mul_sf.o)
 .bss           0x00800072        0x0 c:/program files/atmel/avr studio 5.0/extensions/application/avr toolchain/bin/../lib/gcc/avr/4.5.1/avr5\libgcc.a(_gt_sf.o)
 .bss           0x00800072        0x0 c:/program files/atmel/avr studio 5.0/extensions/application/avr toolchain/bin/../lib/gcc/avr/4.5.1/avr5\libgcc.a(_ge_sf.o)
 .bss           0x00800072        0x0 c:/program files/atmel/avr studio 5.0/extensions/application/avr toolchain/bin/../lib/gcc/avr/4.5.1/avr5\libgcc.a(_lt_sf.o)
 .bss           0x00800072        0x0 c:/program files/atmel/avr studio 5.0/extensions/application/avr toolchain/bin/../lib/gcc/avr/4.5.1/avr5\libgcc.a(_sf_to_si.o)
 .bss           0x00800072        0x0 c:/program files/atmel/avr studio 5.0/extensions/application/avr toolchain/bin/../lib/gcc/avr/4.5.1/avr5\libgcc.a(_thenan_sf.o)
 .bss           0x00800072        0x0 c:/program files/atmel/avr studio 5.0/extensions/application/avr toolchain/bin/../lib/gcc/avr/4.5.1/avr5\libgcc.a(_prologue.o)
 .bss           0x00800072        0x0 c:/program files/atmel/avr studio 5.0/extensions/application/avr toolchain/bin/../lib/gcc/avr/4.5.1/avr5\libgcc.a(_epilogue.o)
 .bss           0x00800072        0x0 c:/program files/atmel/avr studio 5.0/extensions/application/avr toolchain/bin/../lib/gcc/avr/4.5.1/avr5\libgcc.a(_pack_sf.o)
 .bss           0x00800072        0x0 c:/program files/atmel/avr studio 5.0/extensions/application/avr toolchain/bin/../lib/gcc/avr/4.5.1/avr5\libgcc.a(_unpack_sf.o)
 .bss           0x00800072        0x0 c:/program files/atmel/avr studio 5.0/extensions/application/avr toolchain/bin/../lib/gcc/avr/4.5.1/avr5\libgcc.a(_fpcmp_parts_sf.o)
 .bss           0x00800072        0x0 c:/program files/atmel/avr studio 5.0/extensions/application/avr toolchain/bin/../lib/gcc/avr/4.5.1/../../../../avr/lib/avr5\libc.a(vsnprintf.o)
 .bss           0x00800072        0x0 c:/program files/atmel/avr studio 5.0/extensions/application/avr toolchain/bin/../lib/gcc/avr/4.5.1/../../../../avr/lib/avr5\libc.a(vfprintf_std.o)
 .bss           0x00800072        0x0 c:/program files/atmel/avr studio 5.0/extensions/application/avr toolchain/bin/../lib/gcc/avr/4.5.1/../../../../avr/lib/avr5\libc.a(strnlen_P.o)
 .bss           0x00800072        0x0 c:/program files/atmel/avr studio 5.0/extensions/application/avr toolchain/bin/../lib/gcc/avr/4.5.1/../../../../avr/lib/avr5\libc.a(strnlen.o)
 .bss           0x00800072        0x0 c:/program files/atmel/avr studio 5.0/extensions/application/avr toolchain/bin/../lib/gcc/avr/4.5.1/../../../../avr/lib/avr5\libc.a(fputc.o)
 .bss           0x00800072        0x0 c:/program files/atmel/avr studio 5.0/extensions/application/avr toolchain/bin/../lib/gcc/avr/4.5.1/../../../../avr/lib/avr5\libc.a(ultoa_invert.o)
 *(.bss*)
 *(COMMON)
                0x00800072                PROVIDE (__bss_end, .)
                0x0000195a                __data_load_start = LOADADDR (.data)
                0x0000196a                __data_load_end = (__data_load_start + SIZEOF (.data))

.noinit         0x00800072        0x0
                0x00800072                PROVIDE (__noinit_start, .)
 *(.noinit*)
                0x00800072                PROVIDE (__noinit_end, .)
                0x00800072                _end = .
                0x00800072                PROVIDE (__heap_start, .)

.eeprom         0x00810000        0x0
 *(.eeprom*)
                0x00810000                __eeprom_end = .

.fuse
 *(.fuse)
 *(.lfuse)
 *(.hfuse)
 *(.efuse)

.lock
 *(.lock*)

.signature
 *(.signature*)

.stab           0x00000000      0xc84
 *(.stab)
 .stab          0x00000000      0x6cc c:/program files/atmel/avr studio 5.0/extensions/application/avr toolchain/bin/../lib/gcc/avr/4.5.1/../../../../avr/lib/avr5/crtm32.o
 .stab          0x000006cc       0x9c c:/program files/atmel/avr studio 5.0/extensions/application/avr toolchain/bin/../lib/gcc/avr/4.5.1/../../../../avr/lib/avr5\libc.a(strnlen_P.o)
                                 0xa8 (size before relaxing)
 .stab          0x00000768       0x9c c:/program files/atmel/avr studio 5.0/extensions/application/avr toolchain/bin/../lib/gcc/avr/4.5.1/../../../../avr/lib/avr5\libc.a(strnlen.o)
                                 0xa8 (size before relaxing)
 .stab          0x00000804      0x480 c:/program files/atmel/avr studio 5.0/extensions/application/avr toolchain/bin/../lib/gcc/avr/4.5.1/../../../../avr/lib/avr5\libc.a(ultoa_invert.o)
                                0x48c (size before relaxing)

.stabstr        0x00000000      0x1aa
 *(.stabstr)
 .stabstr       0x00000000      0x1aa c:/program files/atmel/avr studio 5.0/extensions/application/avr toolchain/bin/../lib/gcc/avr/4.5.1/../../../../avr/lib/avr5/crtm32.o

.stab.excl
 *(.stab.excl)

.stab.exclstr
 *(.stab.exclstr)

.stab.index
 *(.stab.index)

.stab.indexstr
 *(.stab.indexstr)

.comment
 *(.comment)

.debug
 *(.debug)

.line
 *(.line)

.debug_srcinfo
 *(.debug_srcinfo)

.debug_sfnames
 *(.debug_sfnames)

.debug_aranges  0x00000000      0x1c0
 *(.debug_aranges)
 .debug_aranges
                0x00000000       0x20 LCD_test.o
 .debug_aranges
                0x00000020       0x20 c:/program files/atmel/avr studio 5.0/extensions/application/avr toolchain/bin/../lib/gcc/avr/4.5.1/avr5\libgcc.a(_fixunssfsi.o)
 .debug_aranges
                0x00000040       0x20 c:/program files/atmel/avr studio 5.0/extensions/application/avr toolchain/bin/../lib/gcc/avr/4.5.1/avr5\libgcc.a(_addsub_sf.o)
 .debug_aranges
                0x00000060       0x20 c:/program files/atmel/avr studio 5.0/extensions/application/avr toolchain/bin/../lib/gcc/avr/4.5.1/avr5\libgcc.a(_mul_sf.o)
 .debug_aranges
                0x00000080       0x20 c:/program files/atmel/avr studio 5.0/extensions/application/avr toolchain/bin/../lib/gcc/avr/4.5.1/avr5\libgcc.a(_gt_sf.o)
 .debug_aranges
                0x000000a0       0x20 c:/program files/atmel/avr studio 5.0/extensions/application/avr toolchain/bin/../lib/gcc/avr/4.5.1/avr5\libgcc.a(_ge_sf.o)
 .debug_aranges
                0x000000c0       0x20 c:/program files/atmel/avr studio 5.0/extensions/application/avr toolchain/bin/../lib/gcc/avr/4.5.1/avr5\libgcc.a(_lt_sf.o)
 .debug_aranges
                0x000000e0       0x20 c:/program files/atmel/avr studio 5.0/extensions/application/avr toolchain/bin/../lib/gcc/avr/4.5.1/avr5\libgcc.a(_sf_to_si.o)
 .debug_aranges
                0x00000100       0x20 c:/program files/atmel/avr studio 5.0/extensions/application/avr toolchain/bin/../lib/gcc/avr/4.5.1/avr5\libgcc.a(_pack_sf.o)
 .debug_aranges
                0x00000120       0x20 c:/program files/atmel/avr studio 5.0/extensions/application/avr toolchain/bin/../lib/gcc/avr/4.5.1/avr5\libgcc.a(_unpack_sf.o)
 .debug_aranges
                0x00000140       0x20 c:/program files/atmel/avr studio 5.0/extensions/application/avr toolchain/bin/../lib/gcc/avr/4.5.1/avr5\libgcc.a(_fpcmp_parts_sf.o)
 .debug_aranges
                0x00000160       0x20 c:/program files/atmel/avr studio 5.0/extensions/application/avr toolchain/bin/../lib/gcc/avr/4.5.1/../../../../avr/lib/avr5\libc.a(vsnprintf.o)
 .debug_aranges
                0x00000180       0x20 c:/program files/atmel/avr studio 5.0/extensions/application/avr toolchain/bin/../lib/gcc/avr/4.5.1/../../../../avr/lib/avr5\libc.a(vfprintf_std.o)
 .debug_aranges
                0x000001a0       0x20 c:/program files/atmel/avr studio 5.0/extensions/application/avr toolchain/bin/../lib/gcc/avr/4.5.1/../../../../avr/lib/avr5\libc.a(fputc.o)

.debug_pubnames
                0x00000000      0x2bc
 *(.debug_pubnames)
 .debug_pubnames
                0x00000000       0xf1 LCD_test.o
 .debug_pubnames
                0x000000f1       0x23 c:/program files/atmel/avr studio 5.0/extensions/application/avr toolchain/bin/../lib/gcc/avr/4.5.1/avr5\libgcc.a(_fixunssfsi.o)
 .debug_pubnames
                0x00000114       0x2c c:/program files/atmel/avr studio 5.0/extensions/application/avr toolchain/bin/../lib/gcc/avr/4.5.1/avr5\libgcc.a(_addsub_sf.o)
 .debug_pubnames
                0x00000140       0x1f c:/program files/atmel/avr studio 5.0/extensions/application/avr toolchain/bin/../lib/gcc/avr/4.5.1/avr5\libgcc.a(_mul_sf.o)
 .debug_pubnames
                0x0000015f       0x1e c:/program files/atmel/avr studio 5.0/extensions/application/avr toolchain/bin/../lib/gcc/avr/4.5.1/avr5\libgcc.a(_gt_sf.o)
 .debug_pubnames
                0x0000017d       0x1e c:/program files/atmel/avr studio 5.0/extensions/application/avr toolchain/bin/../lib/gcc/avr/4.5.1/avr5\libgcc.a(_ge_sf.o)
 .debug_pubnames
                0x0000019b       0x1e c:/program files/atmel/avr studio 5.0/extensions/application/avr toolchain/bin/../lib/gcc/avr/4.5.1/avr5\libgcc.a(_lt_sf.o)
 .debug_pubnames
                0x000001b9       0x20 c:/program files/atmel/avr studio 5.0/extensions/application/avr toolchain/bin/../lib/gcc/avr/4.5.1/avr5\libgcc.a(_sf_to_si.o)
 .debug_pubnames
                0x000001d9       0x22 c:/program files/atmel/avr studio 5.0/extensions/application/avr toolchain/bin/../lib/gcc/avr/4.5.1/avr5\libgcc.a(_thenan_sf.o)
 .debug_pubnames
                0x000001fb       0x1f c:/program files/atmel/avr studio 5.0/extensions/application/avr toolchain/bin/../lib/gcc/avr/4.5.1/avr5\libgcc.a(_pack_sf.o)
 .debug_pubnames
                0x0000021a       0x21 c:/program files/atmel/avr studio 5.0/extensions/application/avr toolchain/bin/../lib/gcc/avr/4.5.1/avr5\libgcc.a(_unpack_sf.o)
 .debug_pubnames
                0x0000023b       0x26 c:/program files/atmel/avr studio 5.0/extensions/application/avr toolchain/bin/../lib/gcc/avr/4.5.1/avr5\libgcc.a(_fpcmp_parts_sf.o)
 .debug_pubnames
                0x00000261       0x20 c:/program files/atmel/avr studio 5.0/extensions/application/avr toolchain/bin/../lib/gcc/avr/4.5.1/../../../../avr/lib/avr5\libc.a(vsnprintf.o)
 .debug_pubnames
                0x00000281       0x1f c:/program files/atmel/avr studio 5.0/extensions/application/avr toolchain/bin/../lib/gcc/avr/4.5.1/../../../../avr/lib/avr5\libc.a(vfprintf_std.o)
 .debug_pubnames
                0x000002a0       0x1c c:/program files/atmel/avr studio 5.0/extensions/application/avr toolchain/bin/../lib/gcc/avr/4.5.1/../../../../avr/lib/avr5\libc.a(fputc.o)

.debug_info     0x00000000     0x262e
 *(.debug_info)
 .debug_info    0x00000000      0x3de LCD_test.o
 .debug_info    0x000003de       0xbd c:/program files/atmel/avr studio 5.0/extensions/application/avr toolchain/bin/../lib/gcc/avr/4.5.1/avr5\libgcc.a(_fixunssfsi.o)
 .debug_info    0x0000049b      0x455 c:/program files/atmel/avr studio 5.0/extensions/application/avr toolchain/bin/../lib/gcc/avr/4.5.1/avr5\libgcc.a(_addsub_sf.o)
 .debug_info    0x000008f0      0x3ec c:/program files/atmel/avr studio 5.0/extensions/application/avr toolchain/bin/../lib/gcc/avr/4.5.1/avr5\libgcc.a(_mul_sf.o)
 .debug_info    0x00000cdc      0x28a c:/program files/atmel/avr studio 5.0/extensions/application/avr toolchain/bin/../lib/gcc/avr/4.5.1/avr5\libgcc.a(_gt_sf.o)
 .debug_info    0x00000f66      0x28a c:/program files/atmel/avr studio 5.0/extensions/application/avr toolchain/bin/../lib/gcc/avr/4.5.1/avr5\libgcc.a(_ge_sf.o)
 .debug_info    0x000011f0      0x28a c:/program files/atmel/avr studio 5.0/extensions/application/avr toolchain/bin/../lib/gcc/avr/4.5.1/avr5\libgcc.a(_lt_sf.o)
 .debug_info    0x0000147a      0x2a5 c:/program files/atmel/avr studio 5.0/extensions/application/avr toolchain/bin/../lib/gcc/avr/4.5.1/avr5\libgcc.a(_sf_to_si.o)
 .debug_info    0x0000171f      0x15e c:/program files/atmel/avr studio 5.0/extensions/application/avr toolchain/bin/../lib/gcc/avr/4.5.1/avr5\libgcc.a(_thenan_sf.o)
 .debug_info    0x0000187d      0x2d9 c:/program files/atmel/avr studio 5.0/extensions/application/avr toolchain/bin/../lib/gcc/avr/4.5.1/avr5\libgcc.a(_pack_sf.o)
 .debug_info    0x00001b56      0x25c c:/program files/atmel/avr studio 5.0/extensions/application/avr toolchain/bin/../lib/gcc/avr/4.5.1/avr5\libgcc.a(_unpack_sf.o)
 .debug_info    0x00001db2      0x1f1 c:/program files/atmel/avr studio 5.0/extensions/application/avr toolchain/bin/../lib/gcc/avr/4.5.1/avr5\libgcc.a(_fpcmp_parts_sf.o)
 .debug_info    0x00001fa3      0x1d4 c:/program files/atmel/avr studio 5.0/extensions/application/avr toolchain/bin/../lib/gcc/avr/4.5.1/../../../../avr/lib/avr5\libc.a(vsnprintf.o)
 .debug_info    0x00002177      0x350 c:/program files/atmel/avr studio 5.0/extensions/application/avr toolchain/bin/../lib/gcc/avr/4.5.1/../../../../avr/lib/avr5\libc.a(vfprintf_std.o)
 .debug_info    0x000024c7      0x167 c:/program files/atmel/avr studio 5.0/extensions/application/avr toolchain/bin/../lib/gcc/avr/4.5.1/../../../../avr/lib/avr5\libc.a(fputc.o)
 *(.gnu.linkonce.wi.*)

.debug_abbrev   0x00000000     0x1297
 *(.debug_abbrev)
 .debug_abbrev  0x00000000      0x196 LCD_test.o
 .debug_abbrev  0x00000196       0x5d c:/program files/atmel/avr studio 5.0/extensions/application/avr toolchain/bin/../lib/gcc/avr/4.5.1/avr5\libgcc.a(_fixunssfsi.o)
 .debug_abbrev  0x000001f3      0x1af c:/program files/atmel/avr studio 5.0/extensions/application/avr toolchain/bin/../lib/gcc/avr/4.5.1/avr5\libgcc.a(_addsub_sf.o)
 .debug_abbrev  0x000003a2      0x1d9 c:/program files/atmel/avr studio 5.0/extensions/application/avr toolchain/bin/../lib/gcc/avr/4.5.1/avr5\libgcc.a(_mul_sf.o)
 .debug_abbrev  0x0000057b      0x151 c:/program files/atmel/avr studio 5.0/extensions/application/avr toolchain/bin/../lib/gcc/avr/4.5.1/avr5\libgcc.a(_gt_sf.o)
 .debug_abbrev  0x000006cc      0x151 c:/program files/atmel/avr studio 5.0/extensions/application/avr toolchain/bin/../lib/gcc/avr/4.5.1/avr5\libgcc.a(_ge_sf.o)
 .debug_abbrev  0x0000081d      0x151 c:/program files/atmel/avr studio 5.0/extensions/application/avr toolchain/bin/../lib/gcc/avr/4.5.1/avr5\libgcc.a(_lt_sf.o)
 .debug_abbrev  0x0000096e      0x160 c:/program files/atmel/avr studio 5.0/extensions/application/avr toolchain/bin/../lib/gcc/avr/4.5.1/avr5\libgcc.a(_sf_to_si.o)
 .debug_abbrev  0x00000ace       0xcb c:/program files/atmel/avr studio 5.0/extensions/application/avr toolchain/bin/../lib/gcc/avr/4.5.1/avr5\libgcc.a(_thenan_sf.o)
 .debug_abbrev  0x00000b99      0x185 c:/program files/atmel/avr studio 5.0/extensions/application/avr toolchain/bin/../lib/gcc/avr/4.5.1/avr5\libgcc.a(_pack_sf.o)
 .debug_abbrev  0x00000d1e      0x14b c:/program files/atmel/avr studio 5.0/extensions/application/avr toolchain/bin/../lib/gcc/avr/4.5.1/avr5\libgcc.a(_unpack_sf.o)
 .debug_abbrev  0x00000e69      0x10b c:/program files/atmel/avr studio 5.0/extensions/application/avr toolchain/bin/../lib/gcc/avr/4.5.1/avr5\libgcc.a(_fpcmp_parts_sf.o)
 .debug_abbrev  0x00000f74       0xeb c:/program files/atmel/avr studio 5.0/extensions/application/avr toolchain/bin/../lib/gcc/avr/4.5.1/../../../../avr/lib/avr5\libc.a(vsnprintf.o)
 .debug_abbrev  0x0000105f      0x15f c:/program files/atmel/avr studio 5.0/extensions/application/avr toolchain/bin/../lib/gcc/avr/4.5.1/../../../../avr/lib/avr5\libc.a(vfprintf_std.o)
 .debug_abbrev  0x000011be       0xd9 c:/program files/atmel/avr studio 5.0/extensions/application/avr toolchain/bin/../lib/gcc/avr/4.5.1/../../../../avr/lib/avr5\libc.a(fputc.o)

.debug_line     0x00000000     0x2029
 *(.debug_line)
 .debug_line    0x00000000      0x6b3 LCD_test.o
 .debug_line    0x000006b3       0xc6 c:/program files/atmel/avr studio 5.0/extensions/application/avr toolchain/bin/../lib/gcc/avr/4.5.1/avr5\libgcc.a(_fixunssfsi.o)
 .debug_line    0x00000779      0x2eb c:/program files/atmel/avr studio 5.0/extensions/application/avr toolchain/bin/../lib/gcc/avr/4.5.1/avr5\libgcc.a(_addsub_sf.o)
 .debug_line    0x00000a64      0x287 c:/program files/atmel/avr studio 5.0/extensions/application/avr toolchain/bin/../lib/gcc/avr/4.5.1/avr5\libgcc.a(_mul_sf.o)
 .debug_line    0x00000ceb      0x102 c:/program files/atmel/avr studio 5.0/extensions/application/avr toolchain/bin/../lib/gcc/avr/4.5.1/avr5\libgcc.a(_gt_sf.o)
 .debug_line    0x00000ded      0x102 c:/program files/atmel/avr studio 5.0/extensions/application/avr toolchain/bin/../lib/gcc/avr/4.5.1/avr5\libgcc.a(_ge_sf.o)
 .debug_line    0x00000eef      0x102 c:/program files/atmel/avr studio 5.0/extensions/application/avr toolchain/bin/../lib/gcc/avr/4.5.1/avr5\libgcc.a(_lt_sf.o)
 .debug_line    0x00000ff1      0x13c c:/program files/atmel/avr studio 5.0/extensions/application/avr toolchain/bin/../lib/gcc/avr/4.5.1/avr5\libgcc.a(_sf_to_si.o)
 .debug_line    0x0000112d       0xaf c:/program files/atmel/avr studio 5.0/extensions/application/avr toolchain/bin/../lib/gcc/avr/4.5.1/avr5\libgcc.a(_thenan_sf.o)
 .debug_line    0x000011dc      0x1f2 c:/program files/atmel/avr studio 5.0/extensions/application/avr toolchain/bin/../lib/gcc/avr/4.5.1/avr5\libgcc.a(_pack_sf.o)
 .debug_line    0x000013ce      0x172 c:/program files/atmel/avr studio 5.0/extensions/application/avr toolchain/bin/../lib/gcc/avr/4.5.1/avr5\libgcc.a(_unpack_sf.o)
 .debug_line    0x00001540      0x176 c:/program files/atmel/avr studio 5.0/extensions/application/avr toolchain/bin/../lib/gcc/avr/4.5.1/avr5\libgcc.a(_fpcmp_parts_sf.o)
 .debug_line    0x000016b6      0x1d9 c:/program files/atmel/avr studio 5.0/extensions/application/avr toolchain/bin/../lib/gcc/avr/4.5.1/../../../../avr/lib/avr5\libc.a(vsnprintf.o)
 .debug_line    0x0000188f      0x659 c:/program files/atmel/avr studio 5.0/extensions/application/avr toolchain/bin/../lib/gcc/avr/4.5.1/../../../../avr/lib/avr5\libc.a(vfprintf_std.o)
 .debug_line    0x00001ee8      0x141 c:/program files/atmel/avr studio 5.0/extensions/application/avr toolchain/bin/../lib/gcc/avr/4.5.1/../../../../avr/lib/avr5\libc.a(fputc.o)

.debug_frame    0x00000000      0x2b0
 *(.debug_frame)
 .debug_frame   0x00000000       0xf0 LCD_test.o
 .debug_frame   0x000000f0       0x20 c:/program files/atmel/avr studio 5.0/extensions/application/avr toolchain/bin/../lib/gcc/avr/4.5.1/avr5\libgcc.a(_fixunssfsi.o)
 .debug_frame   0x00000110       0x40 c:/program files/atmel/avr studio 5.0/extensions/application/avr toolchain/bin/../lib/gcc/avr/4.5.1/avr5\libgcc.a(_addsub_sf.o)
 .debug_frame   0x00000150       0x20 c:/program files/atmel/avr studio 5.0/extensions/application/avr toolchain/bin/../lib/gcc/avr/4.5.1/avr5\libgcc.a(_mul_sf.o)
 .debug_frame   0x00000170       0x20 c:/program files/atmel/avr studio 5.0/extensions/application/avr toolchain/bin/../lib/gcc/avr/4.5.1/avr5\libgcc.a(_gt_sf.o)
 .debug_frame   0x00000190       0x20 c:/program files/atmel/avr studio 5.0/extensions/application/avr toolchain/bin/../lib/gcc/avr/4.5.1/avr5\libgcc.a(_ge_sf.o)
 .debug_frame   0x000001b0       0x20 c:/program files/atmel/avr studio 5.0/extensions/application/avr toolchain/bin/../lib/gcc/avr/4.5.1/avr5\libgcc.a(_lt_sf.o)
 .debug_frame   0x000001d0       0x20 c:/program files/atmel/avr studio 5.0/extensions/application/avr toolchain/bin/../lib/gcc/avr/4.5.1/avr5\libgcc.a(_sf_to_si.o)
 .debug_frame   0x000001f0       0x20 c:/program files/atmel/avr studio 5.0/extensions/application/avr toolchain/bin/../lib/gcc/avr/4.5.1/avr5\libgcc.a(_pack_sf.o)
 .debug_frame   0x00000210       0x20 c:/program files/atmel/avr studio 5.0/extensions/application/avr toolchain/bin/../lib/gcc/avr/4.5.1/avr5\libgcc.a(_unpack_sf.o)
 .debug_frame   0x00000230       0x20 c:/program files/atmel/avr studio 5.0/extensions/application/avr toolchain/bin/../lib/gcc/avr/4.5.1/avr5\libgcc.a(_fpcmp_parts_sf.o)
 .debug_frame   0x00000250       0x20 c:/program files/atmel/avr studio 5.0/extensions/application/avr toolchain/bin/../lib/gcc/avr/4.5.1/../../../../avr/lib/avr5\libc.a(vsnprintf.o)
 .debug_frame   0x00000270       0x20 c:/program files/atmel/avr studio 5.0/extensions/application/avr toolchain/bin/../lib/gcc/avr/4.5.1/../../../../avr/lib/avr5\libc.a(vfprintf_std.o)
 .debug_frame   0x00000290       0x20 c:/program files/atmel/avr studio 5.0/extensions/application/avr toolchain/bin/../lib/gcc/avr/4.5.1/../../../../avr/lib/avr5\libc.a(fputc.o)

.debug_str      0x00000000      0x601
 *(.debug_str)
 .debug_str     0x00000000      0x1e1 LCD_test.o
                                0x232 (size before relaxing)
 .debug_str     0x000001e1       0xd1 c:/program files/atmel/avr studio 5.0/extensions/application/avr toolchain/bin/../lib/gcc/avr/4.5.1/avr5\libgcc.a(_fixunssfsi.o)
                                0x156 (size before relaxing)
 .debug_str     0x000002b2      0x155 c:/program files/atmel/avr studio 5.0/extensions/application/avr toolchain/bin/../lib/gcc/avr/4.5.1/avr5\libgcc.a(_addsub_sf.o)
                                0x240 (size before relaxing)
 .debug_str     0x00000407       0x27 c:/program files/atmel/avr studio 5.0/extensions/application/avr toolchain/bin/../lib/gcc/avr/4.5.1/avr5\libgcc.a(_mul_sf.o)
                                0x1f9 (size before relaxing)
 .debug_str     0x0000042e        0xf c:/program files/atmel/avr studio 5.0/extensions/application/avr toolchain/bin/../lib/gcc/avr/4.5.1/avr5\libgcc.a(_gt_sf.o)
                                0x1c7 (size before relaxing)
 .debug_str     0x0000043d        0x8 c:/program files/atmel/avr studio 5.0/extensions/application/avr toolchain/bin/../lib/gcc/avr/4.5.1/avr5\libgcc.a(_ge_sf.o)
                                0x1c7 (size before relaxing)
 .debug_str     0x00000445        0x8 c:/program files/atmel/avr studio 5.0/extensions/application/avr toolchain/bin/../lib/gcc/avr/4.5.1/avr5\libgcc.a(_lt_sf.o)
                                0x1c7 (size before relaxing)
 .debug_str     0x0000044d        0xa c:/program files/atmel/avr studio 5.0/extensions/application/avr toolchain/bin/../lib/gcc/avr/4.5.1/avr5\libgcc.a(_sf_to_si.o)
                                0x1d0 (size before relaxing)
 .debug_str     0x00000000      0x172 c:/program files/atmel/avr studio 5.0/extensions/application/avr toolchain/bin/../lib/gcc/avr/4.5.1/avr5\libgcc.a(_thenan_sf.o)
 .debug_str     0x00000457       0x16 c:/program files/atmel/avr studio 5.0/extensions/application/avr toolchain/bin/../lib/gcc/avr/4.5.1/avr5\libgcc.a(_pack_sf.o)
                                0x1cf (size before relaxing)
 .debug_str     0x0000046d        0xb c:/program files/atmel/avr studio 5.0/extensions/application/avr toolchain/bin/../lib/gcc/avr/4.5.1/avr5\libgcc.a(_unpack_sf.o)
                                0x1b1 (size before relaxing)
 .debug_str     0x00000478       0x10 c:/program files/atmel/avr studio 5.0/extensions/application/avr toolchain/bin/../lib/gcc/avr/4.5.1/avr5\libgcc.a(_fpcmp_parts_sf.o)
                                0x195 (size before relaxing)
 .debug_str     0x00000488       0x80 c:/program files/atmel/avr studio 5.0/extensions/application/avr toolchain/bin/../lib/gcc/avr/4.5.1/../../../../avr/lib/avr5\libc.a(vsnprintf.o)
                                0x129 (size before relaxing)
 .debug_str     0x00000508       0xa6 c:/program files/atmel/avr studio 5.0/extensions/application/avr toolchain/bin/../lib/gcc/avr/4.5.1/../../../../avr/lib/avr5\libc.a(vfprintf_std.o)
                                0x174 (size before relaxing)
 .debug_str     0x000005ae       0x53 c:/program files/atmel/avr studio 5.0/extensions/application/avr toolchain/bin/../lib/gcc/avr/4.5.1/../../../../avr/lib/avr5\libc.a(fputc.o)
                                 0xf8 (size before relaxing)

.debug_loc      0x00000000     0x1228
 *(.debug_loc)
 .debug_loc     0x00000000       0x34 c:/program files/atmel/avr studio 5.0/extensions/application/avr toolchain/bin/../lib/gcc/avr/4.5.1/avr5\libgcc.a(_fixunssfsi.o)
 .debug_loc     0x00000034      0x31d c:/program files/atmel/avr studio 5.0/extensions/application/avr toolchain/bin/../lib/gcc/avr/4.5.1/avr5\libgcc.a(_addsub_sf.o)
 .debug_loc     0x00000351      0x2a4 c:/program files/atmel/avr studio 5.0/extensions/application/avr toolchain/bin/../lib/gcc/avr/4.5.1/avr5\libgcc.a(_mul_sf.o)
 .debug_loc     0x000005f5       0x48 c:/program files/atmel/avr studio 5.0/extensions/application/avr toolchain/bin/../lib/gcc/avr/4.5.1/avr5\libgcc.a(_gt_sf.o)
 .debug_loc     0x0000063d       0x48 c:/program files/atmel/avr studio 5.0/extensions/application/avr toolchain/bin/../lib/gcc/avr/4.5.1/avr5\libgcc.a(_ge_sf.o)
 .debug_loc     0x00000685       0x48 c:/program files/atmel/avr studio 5.0/extensions/application/avr toolchain/bin/../lib/gcc/avr/4.5.1/avr5\libgcc.a(_lt_sf.o)
 .debug_loc     0x000006cd       0x56 c:/program files/atmel/avr studio 5.0/extensions/application/avr toolchain/bin/../lib/gcc/avr/4.5.1/avr5\libgcc.a(_sf_to_si.o)
 .debug_loc     0x00000723      0x1f5 c:/program files/atmel/avr studio 5.0/extensions/application/avr toolchain/bin/../lib/gcc/avr/4.5.1/avr5\libgcc.a(_pack_sf.o)
 .debug_loc     0x00000918      0x111 c:/program files/atmel/avr studio 5.0/extensions/application/avr toolchain/bin/../lib/gcc/avr/4.5.1/avr5\libgcc.a(_unpack_sf.o)
 .debug_loc     0x00000a29       0x50 c:/program files/atmel/avr studio 5.0/extensions/application/avr toolchain/bin/../lib/gcc/avr/4.5.1/avr5\libgcc.a(_fpcmp_parts_sf.o)
 .debug_loc     0x00000a79       0xbe c:/program files/atmel/avr studio 5.0/extensions/application/avr toolchain/bin/../lib/gcc/avr/4.5.1/../../../../avr/lib/avr5\libc.a(vsnprintf.o)
 .debug_loc     0x00000b37      0x6a1 c:/program files/atmel/avr studio 5.0/extensions/application/avr toolchain/bin/../lib/gcc/avr/4.5.1/../../../../avr/lib/avr5\libc.a(vfprintf_std.o)
 .debug_loc     0x000011d8       0x50 c:/program files/atmel/avr studio 5.0/extensions/application/avr toolchain/bin/../lib/gcc/avr/4.5.1/../../../../avr/lib/avr5\libc.a(fputc.o)

.debug_macinfo
 *(.debug_macinfo)
OUTPUT(LCD_test.elf elf32-avr)
LOAD linker stubs

.debug_pubtypes
                0x00000000      0x676
 .debug_pubtypes
                0x00000000       0x4a LCD_test.o
 .debug_pubtypes
                0x0000004a       0x34 c:/program files/atmel/avr studio 5.0/extensions/application/avr toolchain/bin/../lib/gcc/avr/4.5.1/avr5\libgcc.a(_fixunssfsi.o)
 .debug_pubtypes
                0x0000007e       0x9d c:/program files/atmel/avr studio 5.0/extensions/application/avr toolchain/bin/../lib/gcc/avr/4.5.1/avr5\libgcc.a(_addsub_sf.o)
 .debug_pubtypes
                0x0000011b       0x86 c:/program files/atmel/avr studio 5.0/extensions/application/avr toolchain/bin/../lib/gcc/avr/4.5.1/avr5\libgcc.a(_mul_sf.o)
 .debug_pubtypes
                0x000001a1       0x91 c:/program files/atmel/avr studio 5.0/extensions/application/avr toolchain/bin/../lib/gcc/avr/4.5.1/avr5\libgcc.a(_gt_sf.o)
 .debug_pubtypes
                0x00000232       0x91 c:/program files/atmel/avr studio 5.0/extensions/application/avr toolchain/bin/../lib/gcc/avr/4.5.1/avr5\libgcc.a(_ge_sf.o)
 .debug_pubtypes
                0x000002c3       0x91 c:/program files/atmel/avr studio 5.0/extensions/application/avr toolchain/bin/../lib/gcc/avr/4.5.1/avr5\libgcc.a(_lt_sf.o)
 .debug_pubtypes
                0x00000354       0x91 c:/program files/atmel/avr studio 5.0/extensions/application/avr toolchain/bin/../lib/gcc/avr/4.5.1/avr5\libgcc.a(_sf_to_si.o)
 .debug_pubtypes
                0x000003e5       0x5b c:/program files/atmel/avr studio 5.0/extensions/application/avr toolchain/bin/../lib/gcc/avr/4.5.1/avr5\libgcc.a(_thenan_sf.o)
 .debug_pubtypes
                0x00000440       0x86 c:/program files/atmel/avr studio 5.0/extensions/application/avr toolchain/bin/../lib/gcc/avr/4.5.1/avr5\libgcc.a(_pack_sf.o)
 .debug_pubtypes
                0x000004c6       0x86 c:/program files/atmel/avr studio 5.0/extensions/application/avr toolchain/bin/../lib/gcc/avr/4.5.1/avr5\libgcc.a(_unpack_sf.o)
 .debug_pubtypes
                0x0000054c       0x5b c:/program files/atmel/avr studio 5.0/extensions/application/avr toolchain/bin/../lib/gcc/avr/4.5.1/avr5\libgcc.a(_fpcmp_parts_sf.o)
 .debug_pubtypes
                0x000005a7       0x53 c:/program files/atmel/avr studio 5.0/extensions/application/avr toolchain/bin/../lib/gcc/avr/4.5.1/../../../../avr/lib/avr5\libc.a(vsnprintf.o)
 .debug_pubtypes
                0x000005fa       0x53 c:/program files/atmel/avr studio 5.0/extensions/application/avr toolchain/bin/../lib/gcc/avr/4.5.1/../../../../avr/lib/avr5\libc.a(vfprintf_std.o)
 .debug_pubtypes
                0x0000064d       0x29 c:/program files/atmel/avr studio 5.0/extensions/application/avr toolchain/bin/../lib/gcc/avr/4.5.1/../../../../avr/lib/avr5\libc.a(fputc.o)

.debug_ranges   0x00000000       0x78
 .debug_ranges  0x00000000       0x30 c:/program files/atmel/avr studio 5.0/extensions/application/avr toolchain/bin/../lib/gcc/avr/4.5.1/avr5\libgcc.a(_mul_sf.o)
 .debug_ranges  0x00000030       0x10 c:/program files/atmel/avr studio 5.0/extensions/application/avr toolchain/bin/../lib/gcc/avr/4.5.1/../../../../avr/lib/avr5\libc.a(vsnprintf.o)
 .debug_ranges  0x00000040       0x28 c:/program files/atmel/avr studio 5.0/extensions/application/avr toolchain/bin/../lib/gcc/avr/4.5.1/../../../../avr/lib/avr5\libc.a(vfprintf_std.o)
 .debug_ranges  0x00000068       0x10 c:/program files/atmel/avr studio 5.0/extensions/application/avr toolchain/bin/../lib/gcc/avr/4.5.1/../../../../avr/lib/avr5\libc.a(fputc.o)
